Game ready. Capturing paused menu and live play diagnostics.
Checking repeated effects and landscape transitions.
{
  "output": "/home/runner/work/Kaveh/Kaveh/perf-results/ci/desktop.json",
  "valid": true,
  "errors": [],
  "renderer": "ANGLE (Google, Vulkan 1.3.0 (SwiftShader Device (Subzero) (0x0000C0DE)), SwiftShader driver)",
  "gameplayIntervals": {
    "n": 4,
    "p50": 2749.7999999999993,
    "p95": 4266.5,
    "p99": 4266.5,
    "max": 4266.5,
    "mean": 3104.05
  },
  "effects": [
    {
      "geometries": 217,
      "textures": 31,
      "programs": 24
    },
    {
      "geometries": 217,
      "textures": 31,
      "programs": 24
    },
    {
      "geometries": 217,
      "textures": 31,
      "programs": 24
    },
    {
      "geometries": 217,
      "textures": 31,
      "programs": 24
    },
    {
      "geometries": 217,
      "textures": 31,
      "programs": 24
    },
    {
      "geometries": 217,
      "textures": 31,
      "programs": 24
    },
    {
      "geometries": 217,
      "textures": 31,
      "programs": 24
    },
    {
      "geometries": 217,
      "textures": 31,
      "programs": 24
    },
    {
      "geometries": 217,
      "textures": 31,
      "programs": 24
    },
    {
      "geometries": 217,
      "textures": 31,
      "programs": 24
    }
  ],
  "transitions": [
    {
      "id": 1,
      "geometries": 217,
      "textures": 31,
      "programs": 24
    },
    {
      "id": 2,
      "geometries": 266,
      "textures": 36,
      "programs": 29
    },
    {
      "id": 1,
      "geometries": 301,
      "textures": 36,
      "programs": 29
    },
    {
      "id": 2,
      "geometries": 266,
      "textures": 36,
      "programs": 29
    },
    {
      "id": 1,
      "geometries": 301,
      "textures": 36,
      "programs": 29
    },
    {
      "id": 2,
      "geometries": 266,
      "textures": 36,
      "programs": 29
    }
  ]
}
